[cmd:build_official_smallset] /home/runnel/miniconda3/envs/enzymecage/bin/python /home/runnel/igem-pocket/explorations/pocket/adapters/build_official_smallset.py --source_dataset Enzyme-405 --enzymecage_root /home/runnel/igem-pocket/external_repos/EnzymeCAGE --output_dir /home/runnel/igem-pocket/data/pocket_runs/enzyme405_50_fpocket_topk_rank_weighted --n_reactions 50 --n_enzymes_per_reaction 50 --seed 42
[cmd:download_alphafold_structures] /home/runnel/miniconda3/envs/enzymecage/bin/python /home/runnel/igem-pocket/explorations/pocket/adapters/download_alphafold_structures.py --input_csv /home/runnel/igem-pocket/data/pocket_runs/enzyme405_50_fpocket_topk_rank_weighted/smallset_pairs.csv --output_root /home/runnel/igem-pocket/data/assets/alphafold_structures --output_pairs_csv /home/runnel/igem-pocket/data/pocket_runs/enzyme405_50_fpocket_topk_rank_weighted/smallset_pairs_with_structures.csv
[cmd:fpocket_pocket_extraction] /home/runnel/miniconda3/envs/enzymecage/bin/python /home/runnel/igem-pocket/explorations/pocket/adapters/fpocket_to_enzymecage.py --input_csv /home/runnel/igem-pocket/data/pocket_runs/enzyme405_50_fpocket_topk_rank_weighted/smallset_pairs_with_structures.csv --structure_dir /home/runnel/igem-pocket/data/assets/alphafold_structures/cif --output_dir /home/runnel/igem-pocket/data/pocket_runs/enzyme405_50_fpocket_topk_rank_weighted/fpocket_adapter --top_k 5 --run_id enzyme405_50_fpocket_topk_rank_weighted_fpocket --fpocket_bin /home/runnel/miniconda3/envs/enzymecage/bin/fpocket --threads 8
[cmd:feature_generation] /home/runnel/miniconda3/envs/enzymecage/bin/python /home/runnel/igem-pocket/external_repos/EnzymeCAGE/feature/main.py --data_path /home/runnel/igem-pocket/results/pocket/enzyme405_50_fpocket_topk_rank_weighted/feature_inputs/pocket_variant_input.csv --pocket_dir /home/runnel/igem-pocket/results/pocket/enzyme405_50_fpocket_topk_rank_weighted/pocket_inputs/pocket

 ==================== Calculating DRFP ==================== 

Number of reactions: 20
Save drfp to /home/runnel/igem-pocket/results/pocket/enzyme405_50_fpocket_topk_rank_weighted/feature_inputs/feature/reaction/drfp/rxn2fp.pkl

 #################### Calculating Reaction Center #################### 

Append 0 reacting center to /home/runnel/igem-pocket/results/pocket/enzyme405_50_fpocket_topk_rank_weighted/feature_inputs/feature/reaction/reacting_center/reacting_center.pkl

 #################### Generating Mol Conformation #################### 


 #################### Calculating GVP Feature #################### 

Loaded existing GVP feature cache from /home/runnel/igem-pocket/results/pocket/enzyme405_50_fpocket_topk_rank_weighted/feature_inputs/feature/protein/gvp_feature/gvp_protein_feature.pt with 428 entries
No new GVP features were needed; reused cache at /home/runnel/igem-pocket/results/pocket/enzyme405_50_fpocket_topk_rank_weighted/feature_inputs/feature/protein/gvp_feature/gvp_protein_feature.pt


 #################### Calculating ESM-C feature #################### 


0 proteins to calculate features...
All ESM-C node-level features already exist under /home/runnel/igem-pocket/results/pocket/enzyme405_50_fpocket_topk_rank_weighted/feature_inputs/feature/protein/ESM-C_600M/node_level; reusing cache.
Loaded existing pocket ESM feature cache from /home/runnel/igem-pocket/results/pocket/enzyme405_50_fpocket_topk_rank_weighted/feature_inputs/feature/protein/ESM-C_600M/pocket_node_feature/esm_node_feature.pt with 428 entries
Save esm feature of 428 pockets to /home/runnel/igem-pocket/results/pocket/enzyme405_50_fpocket_topk_rank_weighted/feature_inputs/feature/protein/ESM-C_600M/pocket_node_feature/esm_node_feature.pt


 ###### Feature calculation is finished! ######


/home/runnel/igem-pocket/external_repos/EnzymeCAGE/feature/pkgs/rxnmapper/batched_mapper.py:4: UserWarning: pkg_resources is deprecated as an API. See https://setuptools.pypa.io/en/latest/pkg_resources.html. The pkg_resources package is slated for removal as early as 2025-11-30. Refrain from using this package or pin to Setuptools<81.
  import pkg_resources
  0%|          | 0/20 [00:00<?, ?it/s]100%|██████████| 20/20 [00:00<00:00, 514.44it/s]
0it [00:00, ?it/s]0it [00:00, ?it/s]
0it [00:00, ?it/s]0it [00:00, ?it/s]
  0%|          | 0/428 [00:00<?, ?it/s]100%|██████████| 428/428 [00:00<00:00, 1239752.84it/s]

[cmd:inference] /home/runnel/miniconda3/envs/enzymecage/bin/python /home/runnel/igem-pocket/external_repos/EnzymeCAGE/infer.py --config /home/runnel/igem-pocket/results/pocket/enzyme405_50_fpocket_topk_rank_weighted/feature_inputs/infer_config.yaml
====config dict of  /home/runnel/igem-pocket/results/pocket/enzyme405_50_fpocket_topk_rank_weighted/feature_inputs/infer_config.yaml ====
{'model': 'EnzymeCAGE', 'interaction_method': 'geo-enhanced-interaction', 'rxn_inner_interaction': True, 'pocket_inner_interaction': True, 'use_prods_info': False, 'use_structure': True, 'use_drfp': True, 'use_esm': True, 'esm_model': 'ESM-C_600M', 'batch_size': 64, 'model_list': ['epoch_19.pth'], 'data_path': '/home/runnel/igem-pocket/results/pocket/enzyme405_50_fpocket_topk_rank_weighted/feature_inputs/pocket_variant_input.csv', 'ckpt_dir': '/home/runnel/igem-pocket/external_repos/EnzymeCAGE/checkpoints/pretrain/seed_42', 'result_dir': '/home/runnel/igem-pocket/results/pocket/enzyme405_50_fpocket_topk_rank_weighted/predictions', 'rxn_fp': '/home/runnel/igem-pocket/results/pocket/enzyme405_50_fpocket_topk_rank_weighted/feature_inputs/feature/reaction/drfp/rxn2fp.pkl', 'mol_conformation': '/home/runnel/igem-pocket/results/pocket/enzyme405_50_fpocket_topk_rank_weighted/feature_inputs/feature/reaction/molecule_conformation', 'reaction_center': '/home/runnel/igem-pocket/results/pocket/enzyme405_50_fpocket_topk_rank_weighted/feature_inputs/feature/reaction/reacting_center/reacting_center.pkl', 'protein_gvp_feat': '/home/runnel/igem-pocket/results/pocket/enzyme405_50_fpocket_topk_rank_weighted/feature_inputs/feature/protein/gvp_feature/gvp_protein_feature.pt', 'esm_mean_feature': '/home/runnel/igem-pocket/results/pocket/enzyme405_50_fpocket_topk_rank_weighted/feature_inputs/feature/protein/ESM-C_600M/protein_level/seq2feature.pkl', 'esm_node_feature': '/home/runnel/igem-pocket/results/pocket/enzyme405_50_fpocket_topk_rank_weighted/feature_inputs/feature/protein/ESM-C_600M/pocket_node_feature/esm_node_feature.pt'}
device: cpu
Ignore product information of reaction!
in_feat_dim: 3456
Loading protein dict...
size of df_data: 433
Loading reaction feature dict...
Loading cached mol graph data...
len(infer_dataset): 433
Start inference...
9 reactions have only one class!
Save pred result to:  /home/runnel/igem-pocket/results/pocket/enzyme405_50_fpocket_topk_rank_weighted/predictions/pocket_variant_input_epoch_19.csv

  0%|          | 0/1 [00:00<?, ?it/s]
  0%|          | 0/7 [00:00<?, ?it/s][A/home/runnel/igem-pocket/external_repos/EnzymeCAGE/enzymecage/dataset/geometric.py:355: UserWarning: To copy construct from a tensor, it is recommended to use sourceTensor.clone().detach() or sourceTensor.clone().detach().requires_grad_(True), rather than torch.tensor(sourceTensor).
  return torch.tensor(self.esm_feat_dict[self.seqs[idx]], dtype=torch.float)

 14%|█▍        | 1/7 [00:00<00:02,  2.45it/s][A
 29%|██▊       | 2/7 [00:00<00:02,  2.17it/s][A
 43%|████▎     | 3/7 [00:01<00:02,  1.89it/s][A
 57%|█████▋    | 4/7 [00:02<00:02,  1.31it/s][A
 71%|███████▏  | 5/7 [00:03<00:01,  1.04it/s][A
 86%|████████▌ | 6/7 [00:05<00:01,  1.01s/it][A
100%|██████████| 7/7 [00:05<00:00,  1.11it/s][A100%|██████████| 7/7 [00:05<00:00,  1.22it/s]
100%|██████████| 1/1 [00:05<00:00,  5.81s/it]100%|██████████| 1/1 [00:05<00:00,  5.81s/it]

[cmd:aggregation] /home/runnel/miniconda3/envs/enzymecage/bin/python /home/runnel/igem-pocket/explorations/pocket/analysis/aggregate_pocket_scores.py --prediction_csv /home/runnel/igem-pocket/results/pocket/enzyme405_50_fpocket_topk_rank_weighted/predictions/pocket_level_predictions.csv --manifest_csv /home/runnel/igem-pocket/results/pocket/enzyme405_50_fpocket_topk_rank_weighted/manifests/pocket_manifest.csv --output_csv /home/runnel/igem-pocket/results/pocket/enzyme405_50_fpocket_topk_rank_weighted/aggregation/enzyme_level_rank_weighted.csv --method rank_weighted --temperature 0.2
[done] Wrote aggregated scores to /home/runnel/igem-pocket/results/pocket/enzyme405_50_fpocket_topk_rank_weighted/aggregation/enzyme_level_rank_weighted.csv

[cmd:analysis] /home/runnel/miniconda3/envs/enzymecage/bin/python /home/runnel/igem-pocket/explorations/pocket/analysis/evaluate_topk.py --prediction_csv /home/runnel/igem-pocket/results/pocket/enzyme405_50_fpocket_topk_rank_weighted/aggregation/enzyme_level_rank_weighted.csv --label_csv /home/runnel/igem-pocket/data/pocket_runs/enzyme405_50_fpocket_topk_rank_weighted/smallset_pairs_with_structures.csv --output_json /home/runnel/igem-pocket/results/pocket/enzyme405_50_fpocket_topk_rank_weighted/metrics/metrics_top5_top10.json --topk 5 10
[done] Wrote top-k metrics to /home/runnel/igem-pocket/results/pocket/enzyme405_50_fpocket_topk_rank_weighted/metrics/metrics_top5_top10.json

[summary] /home/runnel/igem-pocket/results/pocket/enzyme405_50_fpocket_topk_rank_weighted/run_summary.json
{
  "run_id": "enzyme405_50_fpocket_topk_rank_weighted",
  "baseline_name": "enzyme405_50_fpocket_topk_rank_weighted",
  "timestamp": "2026-05-16T11:58:05.753711+00:00",
  "config_path": "/home/runnel/igem-pocket/explorations/pocket/configs/generated_best_available/enzyme405_50_fpocket_topk_rank_weighted.yaml",
  "copied_config_path": "/home/runnel/igem-pocket/results/pocket/enzyme405_50_fpocket_topk_rank_weighted/config.yaml",
  "working_dir": "/home/runnel/igem-pocket/data/pocket_runs/enzyme405_50_fpocket_topk_rank_weighted",
  "output_dir": "/home/runnel/igem-pocket/results/pocket/enzyme405_50_fpocket_topk_rank_weighted",
  "commands_jsonl": "/home/runnel/igem-pocket/results/pocket/enzyme405_50_fpocket_topk_rank_weighted/commands.jsonl",
  "dry_run": false,
  "resume": true,
  "stop_after": null,
  "commands": [
    {
      "step": "build_official_smallset",
      "command": [
        "/home/runnel/miniconda3/envs/enzymecage/bin/python",
        "/home/runnel/igem-pocket/explorations/pocket/adapters/build_official_smallset.py",
        "--source_dataset",
        "Enzyme-405",
        "--enzymecage_root",
        "/home/runnel/igem-pocket/external_repos/EnzymeCAGE",
        "--output_dir",
        "/home/runnel/igem-pocket/data/pocket_runs/enzyme405_50_fpocket_topk_rank_weighted",
        "--n_reactions",
        "50",
        "--n_enzymes_per_reaction",
        "50",
        "--seed",
        "42"
      ],
      "cwd": "/home/runnel/igem-pocket",
      "status": "skipped_existing_output",
      "expected_output": "/home/runnel/igem-pocket/data/pocket_runs/enzyme405_50_fpocket_topk_rank_weighted/smallset_summary.json",
      "dry_run": false
    },
    {
      "step": "download_alphafold_structures",
      "command": [
        "/home/runnel/miniconda3/envs/enzymecage/bin/python",
        "/home/runnel/igem-pocket/explorations/pocket/adapters/download_alphafold_structures.py",
        "--input_csv",
        "/home/runnel/igem-pocket/data/pocket_runs/enzyme405_50_fpocket_topk_rank_weighted/smallset_pairs.csv",
        "--output_root",
        "/home/runnel/igem-pocket/data/assets/alphafold_structures",
        "--output_pairs_csv",
        "/home/runnel/igem-pocket/data/pocket_runs/enzyme405_50_fpocket_topk_rank_weighted/smallset_pairs_with_structures.csv"
      ],
      "cwd": "/home/runnel/igem-pocket",
      "status": "skipped_existing_output",
      "expected_output": "/home/runnel/igem-pocket/data/assets/alphafold_structures/alphafold_download_summary.json",
      "dry_run": false
    },
    {
      "step": "fpocket_pocket_extraction",
      "command": [
        "/home/runnel/miniconda3/envs/enzymecage/bin/python",
        "/home/runnel/igem-pocket/explorations/pocket/adapters/fpocket_to_enzymecage.py",
        "--input_csv",
        "/home/runnel/igem-pocket/data/pocket_runs/enzyme405_50_fpocket_topk_rank_weighted/smallset_pairs_with_structures.csv",
        "--structure_dir",
        "/home/runnel/igem-pocket/data/assets/alphafold_structures/cif",
        "--output_dir",
        "/home/runnel/igem-pocket/data/pocket_runs/enzyme405_50_fpocket_topk_rank_weighted/fpocket_adapter",
        "--top_k",
        "5",
        "--run_id",
        "enzyme405_50_fpocket_topk_rank_weighted_fpocket",
        "--fpocket_bin",
        "/home/runnel/miniconda3/envs/enzymecage/bin/fpocket",
        "--threads",
        "8"
      ],
      "cwd": "/home/runnel/igem-pocket",
      "status": "skipped_existing_output",
      "expected_output": "/home/runnel/igem-pocket/data/pocket_runs/enzyme405_50_fpocket_topk_rank_weighted/fpocket_adapter/manifests/pocket_manifest.csv",
      "dry_run": false
    },
    {
      "step": "feature_generation",
      "command": [
        "/home/runnel/miniconda3/envs/enzymecage/bin/python",
        "/home/runnel/igem-pocket/external_repos/EnzymeCAGE/feature/main.py",
        "--data_path",
        "/home/runnel/igem-pocket/results/pocket/enzyme405_50_fpocket_topk_rank_weighted/feature_inputs/pocket_variant_input.csv",
        "--pocket_dir",
        "/home/runnel/igem-pocket/results/pocket/enzyme405_50_fpocket_topk_rank_weighted/pocket_inputs/pocket"
      ],
      "cwd": "/home/runnel/igem-pocket/external_repos/EnzymeCAGE/feature",
      "returncode": 0,
      "stdout_log": "/home/runnel/igem-pocket/results/pocket/enzyme405_50_fpocket_topk_rank_weighted/logs/004_feature_generation.stdout.log",
      "stderr_log": "/home/runnel/igem-pocket/results/pocket/enzyme405_50_fpocket_topk_rank_weighted/logs/004_feature_generation.stderr.log",
      "dry_run": false
    },
    {
      "step": "inference",
      "command": [
        "/home/runnel/miniconda3/envs/enzymecage/bin/python",
        "/home/runnel/igem-pocket/external_repos/EnzymeCAGE/infer.py",
        "--config",
        "/home/runnel/igem-pocket/results/pocket/enzyme405_50_fpocket_topk_rank_weighted/feature_inputs/infer_config.yaml"
      ],
      "cwd": "/home/runnel/igem-pocket/external_repos/EnzymeCAGE",
      "returncode": 0,
      "stdout_log": "/home/runnel/igem-pocket/results/pocket/enzyme405_50_fpocket_topk_rank_weighted/logs/005_inference.stdout.log",
      "stderr_log": "/home/runnel/igem-pocket/results/pocket/enzyme405_50_fpocket_topk_rank_weighted/logs/005_inference.stderr.log",
      "dry_run": false
    },
    {
      "step": "aggregation",
      "command": [
        "/home/runnel/miniconda3/envs/enzymecage/bin/python",
        "/home/runnel/igem-pocket/explorations/pocket/analysis/aggregate_pocket_scores.py",
        "--prediction_csv",
        "/home/runnel/igem-pocket/results/pocket/enzyme405_50_fpocket_topk_rank_weighted/predictions/pocket_level_predictions.csv",
        "--manifest_csv",
        "/home/runnel/igem-pocket/results/pocket/enzyme405_50_fpocket_topk_rank_weighted/manifests/pocket_manifest.csv",
        "--output_csv",
        "/home/runnel/igem-pocket/results/pocket/enzyme405_50_fpocket_topk_rank_weighted/aggregation/enzyme_level_rank_weighted.csv",
        "--method",
        "rank_weighted",
        "--temperature",
        "0.2"
      ],
      "cwd": "/home/runnel/igem-pocket",
      "returncode": 0,
      "stdout_log": "/home/runnel/igem-pocket/results/pocket/enzyme405_50_fpocket_topk_rank_weighted/logs/006_aggregation.stdout.log",
      "stderr_log": "/home/runnel/igem-pocket/results/pocket/enzyme405_50_fpocket_topk_rank_weighted/logs/006_aggregation.stderr.log",
      "dry_run": false
    },
    {
      "step": "analysis",
      "command": [
        "/home/runnel/miniconda3/envs/enzymecage/bin/python",
        "/home/runnel/igem-pocket/explorations/pocket/analysis/evaluate_topk.py",
        "--prediction_csv",
        "/home/runnel/igem-pocket/results/pocket/enzyme405_50_fpocket_topk_rank_weighted/aggregation/enzyme_level_rank_weighted.csv",
        "--label_csv",
        "/home/runnel/igem-pocket/data/pocket_runs/enzyme405_50_fpocket_topk_rank_weighted/smallset_pairs_with_structures.csv",
        "--output_json",
        "/home/runnel/igem-pocket/results/pocket/enzyme405_50_fpocket_topk_rank_weighted/metrics/metrics_top5_top10.json",
        "--topk",
        "5",
        "10"
      ],
      "cwd": "/home/runnel/igem-pocket",
      "returncode": 0,
      "stdout_log": "/home/runnel/igem-pocket/results/pocket/enzyme405_50_fpocket_topk_rank_weighted/logs/007_analysis.stdout.log",
      "stderr_log": "/home/runnel/igem-pocket/results/pocket/enzyme405_50_fpocket_topk_rank_weighted/logs/007_analysis.stderr.log",
      "dry_run": false
    }
  ],
  "external_repos": {
    "enzymecage_root": {
      "path": "/home/runnel/igem-pocket/external_repos/EnzymeCAGE",
      "git_commit": "6a6637ce6dffbdffe5e89b9cf66e1a079fac2e82"
    },
    "p2rank_home": {
      "path": "/home/runnel/igem-pocket/data/assets/p2rank/p2rank_2.5.1",
      "git_commit": null
    },
    "fpocket_bin": {
      "path": "/home/runnel/miniconda3/envs/enzymecage/bin/fpocket",
      "git_commit": null
    }
  },
  "status": "completed",
  "failed_step": null,
  "error": null,
  "warnings": [
    "Only pre-extracted pocket PDBs were found for the sampled enzymes; full structures are required for P2Rank/fpocket extraction.",
    "Reused existing fpocket output for A8A8B4 from /home/runnel/igem-pocket/data/pocket_runs/enzyme405_50_fpocket_topk_rank_weighted/fpocket_adapter/raw_fpocket/A8A8B4/A8A8B4_out",
    "Reused existing fpocket output for B4TH09 from /home/runnel/igem-pocket/data/pocket_runs/enzyme405_50_fpocket_topk_rank_weighted/fpocket_adapter/raw_fpocket/B4TH09/B4TH09_out",
    "Reused existing fpocket output for A0A0H3JX98 from /home/runnel/igem-pocket/data/pocket_runs/enzyme405_50_fpocket_topk_rank_weighted/fpocket_adapter/raw_fpocket/A0A0H3JX98/A0A0H3JX98_out",
    "Reused existing fpocket output for C4ZT68 from /home/runnel/igem-pocket/data/pocket_runs/enzyme405_50_fpocket_topk_rank_weighted/fpocket_adapter/raw_fpocket/C4ZT68/C4ZT68_out",
    "Reused existing fpocket output for B5R2K1 from /home/runnel/igem-pocket/data/pocket_runs/enzyme405_50_fpocket_topk_rank_weighted/fpocket_adapter/raw_fpocket/B5R2K1/B5R2K1_out",
    "Reused existing fpocket output for Q9Y6E7 from /home/runnel/igem-pocket/data/pocket_runs/enzyme405_50_fpocket_topk_rank_weighted/fpocket_adapter/raw_fpocket/Q9Y6E7/Q9Y6E7_out",
    "Reused existing fpocket output for P75394 from /home/runnel/igem-pocket/data/pocket_runs/enzyme405_50_fpocket_topk_rank_weighted/fpocket_adapter/raw_fpocket/P75394/P75394_out",
    "Reused existing fpocket output for B2TZR8 from /home/runnel/igem-pocket/data/pocket_runs/enzyme405_50_fpocket_topk_rank_weighted/fpocket_adapter/raw_fpocket/B2TZR8/B2TZR8_out",
    "Reused existing fpocket output for A4W6A2 from /home/runnel/igem-pocket/data/pocket_runs/enzyme405_50_fpocket_topk_rank_weighted/fpocket_adapter/raw_fpocket/A4W6A2/A4W6A2_out",
    "Reused existing fpocket output for O13629 from /home/runnel/igem-pocket/data/pocket_runs/enzyme405_50_fpocket_topk_rank_weighted/fpocket_adapter/raw_fpocket/O13629/O13629_out",
    "Reused existing fpocket output for Q9HKT2 from /home/runnel/igem-pocket/data/pocket_runs/enzyme405_50_fpocket_topk_rank_weighted/fpocket_adapter/raw_fpocket/Q9HKT2/Q9HKT2_out",
    "Reused existing fpocket output for B1LEJ1 from /home/runnel/igem-pocket/data/pocket_runs/enzyme405_50_fpocket_topk_rank_weighted/fpocket_adapter/raw_fpocket/B1LEJ1/B1LEJ1_out",
    "Reused existing fpocket output for Q1JQC6 from /home/runnel/igem-pocket/data/pocket_runs/enzyme405_50_fpocket_topk_rank_weighted/fpocket_adapter/raw_fpocket/Q1JQC6/Q1JQC6_out",
    "Reused existing fpocket output for C3LM83 from /home/runnel/igem-pocket/data/pocket_runs/enzyme405_50_fpocket_topk_rank_weighted/fpocket_adapter/raw_fpocket/C3LM83/C3LM83_out",
    "Reused existing fpocket output for B6I6N3 from /home/runnel/igem-pocket/data/pocket_runs/enzyme405_50_fpocket_topk_rank_weighted/fpocket_adapter/raw_fpocket/B6I6N3/B6I6N3_out",
    "Reused existing fpocket output for P60809 from /home/runnel/igem-pocket/data/pocket_runs/enzyme405_50_fpocket_topk_rank_weighted/fpocket_adapter/raw_fpocket/P60809/P60809_out",
    "Reused existing fpocket output for P47051 from /home/runnel/igem-pocket/data/pocket_runs/enzyme405_50_fpocket_topk_rank_weighted/fpocket_adapter/raw_fpocket/P47051/P47051_out",
    "Reused existing fpocket output for A0A0H3JR16 from /home/runnel/igem-pocket/data/pocket_runs/enzyme405_50_fpocket_topk_rank_weighted/fpocket_adapter/raw_fpocket/A0A0H3JR16/A0A0H3JR16_out",
    "Reused existing fpocket output for Q1R257 from /home/runnel/igem-pocket/data/pocket_runs/enzyme405_50_fpocket_topk_rank_weighted/fpocket_adapter/raw_fpocket/Q1R257/Q1R257_out",
    "Reused existing fpocket output for B2K5K7 from /home/runnel/igem-pocket/data/pocket_runs/enzyme405_50_fpocket_topk_rank_weighted/fpocket_adapter/raw_fpocket/B2K5K7/B2K5K7_out",
    "Reused existing fpocket output for P9WPL5 from /home/runnel/igem-pocket/data/pocket_runs/enzyme405_50_fpocket_topk_rank_weighted/fpocket_adapter/raw_fpocket/P9WPL5/P9WPL5_out",
    "Reused existing fpocket output for P51663 from /home/runnel/igem-pocket/data/pocket_runs/enzyme405_50_fpocket_topk_rank_weighted/fpocket_adapter/raw_fpocket/P51663/P51663_out",
    "Reused existing fpocket output for P0A517 from /home/runnel/igem-pocket/data/pocket_runs/enzyme405_50_fpocket_topk_rank_weighted/fpocket_adapter/raw_fpocket/P0A517/P0A517_out",
    "Reused existing fpocket output for P9WJ93 from /home/runnel/igem-pocket/data/pocket_runs/enzyme405_50_fpocket_topk_rank_weighted/fpocket_adapter/raw_fpocket/P9WJ93/P9WJ93_out",
    "Reused existing fpocket output for Q28827 from /home/runnel/igem-pocket/data/pocket_runs/enzyme405_50_fpocket_topk_rank_weighted/fpocket_adapter/raw_fpocket/Q28827/Q28827_out",
    "Reused existing fpocket output for Q9QZ82 from /home/runnel/igem-pocket/data/pocket_runs/enzyme405_50_fpocket_topk_rank_weighted/fpocket_adapter/raw_fpocket/Q9QZ82/Q9QZ82_out",
    "Reused existing fpocket output for P30100 from /home/runnel/igem-pocket/data/pocket_runs/enzyme405_50_fpocket_topk_rank_weighted/fpocket_adapter/raw_fpocket/P30100/P30100_out",
    "Reused existing fpocket output for P14137 from /home/runnel/igem-pocket/data/pocket_runs/enzyme405_50_fpocket_topk_rank_weighted/fpocket_adapter/raw_fpocket/P14137/P14137_out",
    "Reused existing fpocket output for P9WPL4 from /home/runnel/igem-pocket/data/pocket_runs/enzyme405_50_fpocket_topk_rank_weighted/fpocket_adapter/raw_fpocket/P9WPL4/P9WPL4_out",
    "Reused existing fpocket output for A0R4Q6 from /home/runnel/igem-pocket/data/pocket_runs/enzyme405_50_fpocket_topk_rank_weighted/fpocket_adapter/raw_fpocket/A0R4Q6/A0R4Q6_out",
    "Reused existing fpocket output for Q02318 from /home/runnel/igem-pocket/data/pocket_runs/enzyme405_50_fpocket_topk_rank_weighted/fpocket_adapter/raw_fpocket/Q02318/Q02318_out",
    "Reused existing fpocket output for B6V6V5 from /home/runnel/igem-pocket/data/pocket_runs/enzyme405_50_fpocket_topk_rank_weighted/fpocket_adapter/raw_fpocket/B6V6V5/B6V6V5_out",
    "Reused existing fpocket output for F1CMX0 from /home/runnel/igem-pocket/data/pocket_runs/enzyme405_50_fpocket_topk_rank_weighted/fpocket_adapter/raw_fpocket/F1CMX0/F1CMX0_out",
    "Reused existing fpocket output for O46515 from /home/runnel/igem-pocket/data/pocket_runs/enzyme405_50_fpocket_topk_rank_weighted/fpocket_adapter/raw_fpocket/O46515/O46515_out",
    "Reused existing fpocket output for A0R4R3 from /home/runnel/igem-pocket/data/pocket_runs/enzyme405_50_fpocket_topk_rank_weighted/fpocket_adapter/raw_fpocket/A0R4R3/A0R4R3_out",
    "Reused existing fpocket output for P71875 from /home/runnel/igem-pocket/data/pocket_runs/enzyme405_50_fpocket_topk_rank_weighted/fpocket_adapter/raw_fpocket/P71875/P71875_out",
    "Reused existing fpocket output for P00189 from /home/runnel/igem-pocket/data/pocket_runs/enzyme405_50_fpocket_topk_rank_weighted/fpocket_adapter/raw_fpocket/P00189/P00189_out",
    "Reused existing fpocket output for P15150 from /home/runnel/igem-pocket/data/pocket_runs/enzyme405_50_fpocket_topk_rank_weighted/fpocket_adapter/raw_fpocket/P15150/P15150_out",
    "Reused existing fpocket output for A9FDB7 from /home/runnel/igem-pocket/data/pocket_runs/enzyme405_50_fpocket_topk_rank_weighted/fpocket_adapter/raw_fpocket/A9FDB7/A9FDB7_out",
    "Reused existing fpocket output for B6V6V6 from /home/runnel/igem-pocket/data/pocket_runs/enzyme405_50_fpocket_topk_rank_weighted/fpocket_adapter/raw_fpocket/B6V6V6/B6V6V6_out",
    "Reused existing fpocket output for P0DO28 from /home/runnel/igem-pocket/data/pocket_runs/enzyme405_50_fpocket_topk_rank_weighted/fpocket_adapter/raw_fpocket/P0DO28/P0DO28_out",
    "Reused existing fpocket output for A4X1M6 from /home/runnel/igem-pocket/data/pocket_runs/enzyme405_50_fpocket_topk_rank_weighted/fpocket_adapter/raw_fpocket/A4X1M6/A4X1M6_out",
    "Reused existing fpocket output for C7MGB3 from /home/runnel/igem-pocket/data/pocket_runs/enzyme405_50_fpocket_topk_rank_weighted/fpocket_adapter/raw_fpocket/C7MGB3/C7MGB3_out",
    "Reused existing fpocket output for P9WJM7 from /home/runnel/igem-pocket/data/pocket_runs/enzyme405_50_fpocket_topk_rank_weighted/fpocket_adapter/raw_fpocket/P9WJM7/P9WJM7_out",
    "Reused existing fpocket output for A4ZHT6 from /home/runnel/igem-pocket/data/pocket_runs/enzyme405_50_fpocket_topk_rank_weighted/fpocket_adapter/raw_fpocket/A4ZHT6/A4ZHT6_out",
    "Reused existing fpocket output for P23181 from /home/runnel/igem-pocket/data/pocket_runs/enzyme405_50_fpocket_topk_rank_weighted/fpocket_adapter/raw_fpocket/P23181/P23181_out",
    "Reused existing fpocket output for P37515 from /home/runnel/igem-pocket/data/pocket_runs/enzyme405_50_fpocket_topk_rank_weighted/fpocket_adapter/raw_fpocket/P37515/P37515_out",
    "Reused existing fpocket output for Q0P9D1 from /home/runnel/igem-pocket/data/pocket_runs/enzyme405_50_fpocket_topk_rank_weighted/fpocket_adapter/raw_fpocket/Q0P9D1/Q0P9D1_out",
    "Reused existing fpocket output for A0PLC7 from /home/runnel/igem-pocket/data/pocket_runs/enzyme405_50_fpocket_topk_rank_weighted/fpocket_adapter/raw_fpocket/A0PLC7/A0PLC7_out",
    "Reused existing fpocket output for A0A3G9GUR6 from /home/runnel/igem-pocket/data/pocket_runs/enzyme405_50_fpocket_topk_rank_weighted/fpocket_adapter/raw_fpocket/A0A3G9GUR6/A0A3G9GUR6_out",
    "Reused existing fpocket output for P77791 from /home/runnel/igem-pocket/data/pocket_runs/enzyme405_50_fpocket_topk_rank_weighted/fpocket_adapter/raw_fpocket/P77791/P77791_out",
    "Reused existing fpocket output for A6W6C7 from /home/runnel/igem-pocket/data/pocket_runs/enzyme405_50_fpocket_topk_rank_weighted/fpocket_adapter/raw_fpocket/A6W6C7/A6W6C7_out",
    "Reused existing fpocket output for Q6T1W7 from /home/runnel/igem-pocket/data/pocket_runs/enzyme405_50_fpocket_topk_rank_weighted/fpocket_adapter/raw_fpocket/Q6T1W7/Q6T1W7_out",
    "Reused existing fpocket output for D1A4F4 from /home/runnel/igem-pocket/data/pocket_runs/enzyme405_50_fpocket_topk_rank_weighted/fpocket_adapter/raw_fpocket/D1A4F4/D1A4F4_out",
    "Reused existing fpocket output for P37506 from /home/runnel/igem-pocket/data/pocket_runs/enzyme405_50_fpocket_topk_rank_weighted/fpocket_adapter/raw_fpocket/P37506/P37506_out",
    "Reused existing fpocket output for B2GI63 from /home/runnel/igem-pocket/data/pocket_runs/enzyme405_50_fpocket_topk_rank_weighted/fpocket_adapter/raw_fpocket/B2GI63/B2GI63_out",
    "Reused existing fpocket output for Q9ZTK5 from /home/runnel/igem-pocket/data/pocket_runs/enzyme405_50_fpocket_topk_rank_weighted/fpocket_adapter/raw_fpocket/Q9ZTK5/Q9ZTK5_out",
    "Reused existing fpocket output for D1BE23 from /home/runnel/igem-pocket/data/pocket_runs/enzyme405_50_fpocket_topk_rank_weighted/fpocket_adapter/raw_fpocket/D1BE23/D1BE23_out",
    "Reused existing fpocket output for Q82G40 from /home/runnel/igem-pocket/data/pocket_runs/enzyme405_50_fpocket_topk_rank_weighted/fpocket_adapter/raw_fpocket/Q82G40/Q82G40_out",
    "Reused existing fpocket output for Q9CBC9 from /home/runnel/igem-pocket/data/pocket_runs/enzyme405_50_fpocket_topk_rank_weighted/fpocket_adapter/raw_fpocket/Q9CBC9/Q9CBC9_out",
    "Reused existing fpocket output for Q73XY8 from /home/runnel/igem-pocket/data/pocket_runs/enzyme405_50_fpocket_topk_rank_weighted/fpocket_adapter/raw_fpocket/Q73XY8/Q73XY8_out",
    "Reused existing fpocket output for Q9ZV29 from /home/runnel/igem-pocket/data/pocket_runs/enzyme405_50_fpocket_topk_rank_weighted/fpocket_adapter/raw_fpocket/Q9ZV29/Q9ZV29_out",
    "Reused existing fpocket output for E3VWI7 from /home/runnel/igem-pocket/data/pocket_runs/enzyme405_50_fpocket_topk_rank_weighted/fpocket_adapter/raw_fpocket/E3VWI7/E3VWI7_out",
    "Reused existing fpocket output for O64697 from /home/runnel/igem-pocket/data/pocket_runs/enzyme405_50_fpocket_topk_rank_weighted/fpocket_adapter/raw_fpocket/O64697/O64697_out",
    "Reused existing fpocket output for B1MM05 from /home/runnel/igem-pocket/data/pocket_runs/enzyme405_50_fpocket_topk_rank_weighted/fpocket_adapter/raw_fpocket/B1MM05/B1MM05_out",
    "Reused existing fpocket output for Q1JUZ1 from /home/runnel/igem-pocket/data/pocket_runs/enzyme405_50_fpocket_topk_rank_weighted/fpocket_adapter/raw_fpocket/Q1JUZ1/Q1JUZ1_out",
    "Reused existing fpocket output for Q06DK7 from /home/runnel/igem-pocket/data/pocket_runs/enzyme405_50_fpocket_topk_rank_weighted/fpocket_adapter/raw_fpocket/Q06DK7/Q06DK7_out",
    "Reused existing fpocket output for F7J187 from /home/runnel/igem-pocket/data/pocket_runs/enzyme405_50_fpocket_topk_rank_weighted/fpocket_adapter/raw_fpocket/F7J187/F7J187_out",
    "Reused existing fpocket output for A0A059WYP6 from /home/runnel/igem-pocket/data/pocket_runs/enzyme405_50_fpocket_topk_rank_weighted/fpocket_adapter/raw_fpocket/A0A059WYP6/A0A059WYP6_out",
    "Reused existing fpocket output for Q93L51 from /home/runnel/igem-pocket/data/pocket_runs/enzyme405_50_fpocket_topk_rank_weighted/fpocket_adapter/raw_fpocket/Q93L51/Q93L51_out",
    "Reused existing fpocket output for F7J188 from /home/runnel/igem-pocket/data/pocket_runs/enzyme405_50_fpocket_topk_rank_weighted/fpocket_adapter/raw_fpocket/F7J188/F7J188_out",
    "Reused existing fpocket output for E3VWK3 from /home/runnel/igem-pocket/data/pocket_runs/enzyme405_50_fpocket_topk_rank_weighted/fpocket_adapter/raw_fpocket/E3VWK3/E3VWK3_out",
    "Reused existing fpocket output for P54781 from /home/runnel/igem-pocket/data/pocket_runs/enzyme405_50_fpocket_topk_rank_weighted/fpocket_adapter/raw_fpocket/P54781/P54781_out",
    "Reused existing fpocket output for Q9ZV28 from /home/runnel/igem-pocket/data/pocket_runs/enzyme405_50_fpocket_topk_rank_weighted/fpocket_adapter/raw_fpocket/Q9ZV28/Q9ZV28_out",
    "Reused existing fpocket output for Q0UK51 from /home/runnel/igem-pocket/data/pocket_runs/enzyme405_50_fpocket_topk_rank_weighted/fpocket_adapter/raw_fpocket/Q0UK51/Q0UK51_out",
    "Reused existing fpocket output for P9WKF7 from /home/runnel/igem-pocket/data/pocket_runs/enzyme405_50_fpocket_topk_rank_weighted/fpocket_adapter/raw_fpocket/P9WKF7/P9WKF7_out",
    "Reused existing fpocket output for P97872 from /home/runnel/igem-pocket/data/pocket_runs/enzyme405_50_fpocket_topk_rank_weighted/fpocket_adapter/raw_fpocket/P97872/P97872_out",
    "Reused existing fpocket output for Q1JUZ2 from /home/runnel/igem-pocket/data/pocket_runs/enzyme405_50_fpocket_topk_rank_weighted/fpocket_adapter/raw_fpocket/Q1JUZ2/Q1JUZ2_out",
    "Reused existing fpocket output for Q9SMP5 from /home/runnel/igem-pocket/data/pocket_runs/enzyme405_50_fpocket_topk_rank_weighted/fpocket_adapter/raw_fpocket/Q9SMP5/Q9SMP5_out",
    "Reused existing fpocket output for F7J186 from /home/runnel/igem-pocket/data/pocket_runs/enzyme405_50_fpocket_topk_rank_weighted/fpocket_adapter/raw_fpocket/F7J186/F7J186_out",
    "Reused existing fpocket output for A6L080 from /home/runnel/igem-pocket/data/pocket_runs/enzyme405_50_fpocket_topk_rank_weighted/fpocket_adapter/raw_fpocket/A6L080/A6L080_out",
    "Reused existing fpocket output for Q8A248 from /home/runnel/igem-pocket/data/pocket_runs/enzyme405_50_fpocket_topk_rank_weighted/fpocket_adapter/raw_fpocket/Q8A248/Q8A248_out",
    "Reused existing fpocket output for P0C548 from /home/runnel/igem-pocket/data/pocket_runs/enzyme405_50_fpocket_topk_rank_weighted/fpocket_adapter/raw_fpocket/P0C548/P0C548_out",
    "Reused existing fpocket output for Q17QF0 from /home/runnel/igem-pocket/data/pocket_runs/enzyme405_50_fpocket_topk_rank_weighted/fpocket_adapter/raw_fpocket/Q17QF0/Q17QF0_out",
    "Reused existing fpocket output for P52705 from /home/runnel/igem-pocket/data/pocket_runs/enzyme405_50_fpocket_topk_rank_weighted/fpocket_adapter/raw_fpocket/P52705/P52705_out",
    "Reused existing fpocket output for P52704 from /home/runnel/igem-pocket/data/pocket_runs/enzyme405_50_fpocket_topk_rank_weighted/fpocket_adapter/raw_fpocket/P52704/P52704_out"
  ],
  "generated_files": [
    "/home/runnel/igem-pocket/data/assets/alphafold_structures/alphafold_download_report.csv",
    "/home/runnel/igem-pocket/data/assets/alphafold_structures/alphafold_download_summary.json",
    "/home/runnel/igem-pocket/data/pocket_runs/enzyme405_50_fpocket_topk_rank_weighted/sanity_label_report.csv",
    "/home/runnel/igem-pocket/data/pocket_runs/enzyme405_50_fpocket_topk_rank_weighted/sanity_label_report.md",
    "/home/runnel/igem-pocket/data/pocket_runs/enzyme405_50_fpocket_topk_rank_weighted/smallset_pairs.csv",
    "/home/runnel/igem-pocket/data/pocket_runs/enzyme405_50_fpocket_topk_rank_weighted/smallset_pairs_with_structures.csv",
    "/home/runnel/igem-pocket/data/pocket_runs/enzyme405_50_fpocket_topk_rank_weighted/smallset_summary.json",
    "/home/runnel/igem-pocket/data/pocket_runs/enzyme405_50_fpocket_topk_rank_weighted/structure_link_report.csv",
    "/home/runnel/igem-pocket/results/pocket/enzyme405_50_fpocket_topk_rank_weighted/aggregation/enzyme_level_rank_weighted.csv",
    "/home/runnel/igem-pocket/results/pocket/enzyme405_50_fpocket_topk_rank_weighted/commands.jsonl",
    "/home/runnel/igem-pocket/results/pocket/enzyme405_50_fpocket_topk_rank_weighted/config.yaml",
    "/home/runnel/igem-pocket/results/pocket/enzyme405_50_fpocket_topk_rank_weighted/feature_inputs/infer_config.yaml",
    "/home/runnel/igem-pocket/results/pocket/enzyme405_50_fpocket_topk_rank_weighted/feature_inputs/pocket_variant_input.csv",
    "/home/runnel/igem-pocket/results/pocket/enzyme405_50_fpocket_topk_rank_weighted/manifests/fpocket_pocket_manifest.csv",
    "/home/runnel/igem-pocket/results/pocket/enzyme405_50_fpocket_topk_rank_weighted/manifests/pocket_manifest.csv",
    "/home/runnel/igem-pocket/results/pocket/enzyme405_50_fpocket_topk_rank_weighted/metrics/metrics_top5_top10.json",
    "/home/runnel/igem-pocket/results/pocket/enzyme405_50_fpocket_topk_rank_weighted/pocket_inputs/pocket",
    "/home/runnel/igem-pocket/results/pocket/enzyme405_50_fpocket_topk_rank_weighted/pocket_inputs/pocket_info.csv",
    "/home/runnel/igem-pocket/results/pocket/enzyme405_50_fpocket_topk_rank_weighted/predictions/pocket_level_predictions.csv",
    "/home/runnel/igem-pocket/results/pocket/enzyme405_50_fpocket_topk_rank_weighted/run_summary.json",
    "/home/runnel/igem-pocket/results/pocket/enzyme405_50_fpocket_topk_rank_weighted/sanity_label_report.csv",
    "/home/runnel/igem-pocket/results/pocket/enzyme405_50_fpocket_topk_rank_weighted/sanity_label_report.md",
    "/home/runnel/igem-pocket/results/pocket/enzyme405_50_fpocket_topk_rank_weighted/smallset_summary.json",
    "/home/runnel/igem-pocket/results/pocket/enzyme405_50_fpocket_topk_rank_weighted/structure_link_report.csv"
  ],
  "key_files": {
    "enzymecage_root": "/home/runnel/igem-pocket/external_repos/EnzymeCAGE"
  },
  "data_mode": "derived_smallset",
  "smallset_summary": {
    "status": "derived_smallset_blocked",
    "timestamp": "2026-05-16T08:13:13.906873+00:00",
    "source_dataset": "Enzyme-405",
    "enzymecage_root": "/home/runnel/igem-pocket/external_repos/EnzymeCAGE",
    "output_dir": "/home/runnel/igem-pocket/data/pocket_runs/enzyme405_50_fpocket_topk_rank_weighted",
    "n_reactions_requested": 50,
    "n_enzymes_per_reaction_requested": 50,
    "seed": 42,
    "fields": {
      "enzyme": "UniprotID",
      "reaction": "RHEA_ID",
      "reaction_smiles": "CANO_RXN_SMILES",
      "structure": null,
      "label": "Label"
    },
    "warnings": [
      "Only pre-extracted pocket PDBs were found for the sampled enzymes; full structures are required for P2Rank/fpocket extraction."
    ],
    "generated_files": [
      "/home/runnel/igem-pocket/data/pocket_runs/enzyme405_50_fpocket_topk_rank_weighted/smallset_pairs.csv",
      "/home/runnel/igem-pocket/data/pocket_runs/enzyme405_50_fpocket_topk_rank_weighted/structure_link_report.csv",
      "/home/runnel/igem-pocket/data/pocket_runs/enzyme405_50_fpocket_topk_rank_weighted/smallset_structures",
      "/home/runnel/igem-pocket/data/pocket_runs/enzyme405_50_fpocket_topk_rank_weighted/sanity_label_report.csv",
      "/home/runnel/igem-pocket/data/pocket_runs/enzyme405_50_fpocket_topk_rank_weighted/sanity_label_report.md"
    ],
    "source_csv": "/home/runnel/igem-pocket/external_repos/EnzymeCAGE/dataset/internal-test-set/Enzyme-405/Enzyme-405.csv",
    "source_columns": [
      "RHEA_ID",
      "DIRECTION",
      "MASTER_ID",
      "UniprotID",
      "SMILES",
      "EC number",
      "CANO_RXN_SMILES",
      "sequence",
      "reverse_template",
      "n_seq",
      "rxnmapper_template",
      "localmapper_template",
      "Label",
      "similar_rxn",
      "rxn_similarity",
      "n_enzymes"
    ],
    "sanity_label_report": {
      "status": "completed",
      "csv_path": "/home/runnel/igem-pocket/data/pocket_runs/enzyme405_50_fpocket_topk_rank_weighted/sanity_label_report.csv",
      "md_path": "/home/runnel/igem-pocket/data/pocket_runs/enzyme405_50_fpocket_topk_rank_weighted/sanity_label_report.md",
      "n_reactions_requested": 50,
      "n_enzymes_per_reaction_requested": 50,
      "seed": 42,
      "n_reactions": 50,
      "n_pairs": 1675,
      "n_unique_enzymes": 1556,
      "n_positive_pairs": 86,
      "n_valid_reactions": 50,
      "reactions_without_positive": [],
      "reactions_with_less_than_10_candidates": [
        "46569",
        "46773",
        "56353",
        "56481",
        "57133",
        "70812",
        "74168",
        "76544",
        "76768",
        "78656",
        "79180",
        "80264",
        "80292",
        "80296",
        "80884",
        "80960",
        "81132"
      ],
      "duplicate_pair_count": 0,
      "topk_evaluation_scope": "Top-5/Top-10 are computed per reaction group and exclude reactions without positive pairs.",
      "generated_files": [
        "/home/runnel/igem-pocket/data/pocket_runs/enzyme405_50_fpocket_topk_rank_weighted/sanity_label_report.csv",
        "/home/runnel/igem-pocket/data/pocket_runs/enzyme405_50_fpocket_topk_rank_weighted/sanity_label_report.md"
      ]
    },
    "n_pairs": 1675,
    "n_reactions": 50,
    "n_full_structures_linked": 0,
    "n_preextracted_pocket_only": 1669,
    "n_missing_structure": 6,
    "blocked_reason": "blocked_missing_full_structure_for_p2rank"
  }
}
